~~~
<div id=test2 style=width:600px;height:250px;></div>
<script>
    gd = (function() {
  var WIDTH_IN_PERCENT_OF_PARENT = 100;
  var HEIGHT_IN_PERCENT_OF_PARENT = 100;
  var gd = Plotly.d3.select('body')
    .append('div').attr("id", "79041ef8-e414-4fc9-b92b-97f56124f919")
    .style({
      width: WIDTH_IN_PERCENT_OF_PARENT + '%',
      'margin-left': (100 - WIDTH_IN_PERCENT_OF_PARENT) / 2 + '%',
      height: HEIGHT_IN_PERCENT_OF_PARENT + 'vh',
      'margin-top': (100 - HEIGHT_IN_PERCENT_OF_PARENT) / 2 + 'vh'
    })
    .node();
  var plot_json = {"layout":{"margin":{"l":50,"b":50,"r":50,"t":60}},"data":[{"mode":"markers","y":[10,15,13,17],"type":"scatter","x":[1,2,3,4]},{"mode":"lines","y":[16,5,11,9],"type":"scatter","x":[2,3,4,5]}]};
  var data = plot_json.data;
  var layout = plot_json.layout;
  Plotly.newPlot(gd, data, layout);
  window.onresize = function() {
    Plotly.Plots.resize(gd);
  };
  return gd;
})();

 </script>

~~~
